Archive member included because of file (symbol)

c:/users/ahmed/videos/nti/eclipse/sdk_win_64/sdk_win_64/winavr/bin/../lib/gcc/avr/4.3.3/avr5\libgcc.a(_udivmodqi4.o)
                              ./SOURCE/RTC_PROGRAM.o (__udivmodqi4)
c:/users/ahmed/videos/nti/eclipse/sdk_win_64/sdk_win_64/winavr/bin/../lib/gcc/avr/4.3.3/avr5\libgcc.a(_udivmodhi4.o)
                              ./SOURCE/GLUCOSE_PROGRAM.o (__udivmodhi4)
c:/users/ahmed/videos/nti/eclipse/sdk_win_64/sdk_win_64/winavr/bin/../lib/gcc/avr/4.3.3/avr5\libgcc.a(_udivmodsi4.o)
                              ./SOURCE/LCD_PROGRAM.o (__udivmodsi4)
c:/users/ahmed/videos/nti/eclipse/sdk_win_64/sdk_win_64/winavr/bin/../lib/gcc/avr/4.3.3/avr5\libgcc.a(_exit.o)
                              c:/users/ahmed/videos/nti/eclipse/sdk_win_64/sdk_win_64/winavr/bin/../lib/gcc/avr/4.3.3/../../../../avr/lib/avr5/crtm16.o (exit)
c:/users/ahmed/videos/nti/eclipse/sdk_win_64/sdk_win_64/winavr/bin/../lib/gcc/avr/4.3.3/avr5\libgcc.a(_copy_data.o)
                              ./SOURCE/main.o (__do_copy_data)
c:/users/ahmed/videos/nti/eclipse/sdk_win_64/sdk_win_64/winavr/bin/../lib/gcc/avr/4.3.3/avr5\libgcc.a(_clear_bss.o)
                              ./SOURCE/EXTI_PROGRAM.o (__do_clear_bss)
c:/users/ahmed/videos/nti/eclipse/sdk_win_64/sdk_win_64/winavr/bin/../lib/gcc/avr/4.3.3/avr5\libgcc.a(_fixunssfsi.o)
                              ./SOURCE/LCD_PROGRAM.o (__fixunssfsi)
c:/users/ahmed/videos/nti/eclipse/sdk_win_64/sdk_win_64/winavr/bin/../lib/gcc/avr/4.3.3/avr5\libgcc.a(_addsub_sf.o)
                              c:/users/ahmed/videos/nti/eclipse/sdk_win_64/sdk_win_64/winavr/bin/../lib/gcc/avr/4.3.3/avr5\libgcc.a(_fixunssfsi.o) (__subsf3)
c:/users/ahmed/videos/nti/eclipse/sdk_win_64/sdk_win_64/winavr/bin/../lib/gcc/avr/4.3.3/avr5\libgcc.a(_mul_sf.o)
                              ./SOURCE/LCD_PROGRAM.o (__mulsf3)
c:/users/ahmed/videos/nti/eclipse/sdk_win_64/sdk_win_64/winavr/bin/../lib/gcc/avr/4.3.3/avr5\libgcc.a(_div_sf.o)
                              ./SOURCE/LCD_PROGRAM.o (__divsf3)
c:/users/ahmed/videos/nti/eclipse/sdk_win_64/sdk_win_64/winavr/bin/../lib/gcc/avr/4.3.3/avr5\libgcc.a(_gt_sf.o)
                              ./SOURCE/LCD_PROGRAM.o (__gtsf2)
c:/users/ahmed/videos/nti/eclipse/sdk_win_64/sdk_win_64/winavr/bin/../lib/gcc/avr/4.3.3/avr5\libgcc.a(_ge_sf.o)
                              c:/users/ahmed/videos/nti/eclipse/sdk_win_64/sdk_win_64/winavr/bin/../lib/gcc/avr/4.3.3/avr5\libgcc.a(_fixunssfsi.o) (__gesf2)
c:/users/ahmed/videos/nti/eclipse/sdk_win_64/sdk_win_64/winavr/bin/../lib/gcc/avr/4.3.3/avr5\libgcc.a(_lt_sf.o)
                              ./SOURCE/LCD_PROGRAM.o (__ltsf2)
c:/users/ahmed/videos/nti/eclipse/sdk_win_64/sdk_win_64/winavr/bin/../lib/gcc/avr/4.3.3/avr5\libgcc.a(_sf_to_si.o)
                              c:/users/ahmed/videos/nti/eclipse/sdk_win_64/sdk_win_64/winavr/bin/../lib/gcc/avr/4.3.3/avr5\libgcc.a(_fixunssfsi.o) (__fixsfsi)
c:/users/ahmed/videos/nti/eclipse/sdk_win_64/sdk_win_64/winavr/bin/../lib/gcc/avr/4.3.3/avr5\libgcc.a(_thenan_sf.o)
                              c:/users/ahmed/videos/nti/eclipse/sdk_win_64/sdk_win_64/winavr/bin/../lib/gcc/avr/4.3.3/avr5\libgcc.a(_addsub_sf.o) (__thenan_sf)
c:/users/ahmed/videos/nti/eclipse/sdk_win_64/sdk_win_64/winavr/bin/../lib/gcc/avr/4.3.3/avr5\libgcc.a(_prologue.o)
                              c:/users/ahmed/videos/nti/eclipse/sdk_win_64/sdk_win_64/winavr/bin/../lib/gcc/avr/4.3.3/avr5\libgcc.a(_addsub_sf.o) (__prologue_saves__)
c:/users/ahmed/videos/nti/eclipse/sdk_win_64/sdk_win_64/winavr/bin/../lib/gcc/avr/4.3.3/avr5\libgcc.a(_epilogue.o)
                              c:/users/ahmed/videos/nti/eclipse/sdk_win_64/sdk_win_64/winavr/bin/../lib/gcc/avr/4.3.3/avr5\libgcc.a(_addsub_sf.o) (__epilogue_restores__)
c:/users/ahmed/videos/nti/eclipse/sdk_win_64/sdk_win_64/winavr/bin/../lib/gcc/avr/4.3.3/avr5\libgcc.a(_pack_sf.o)
                              c:/users/ahmed/videos/nti/eclipse/sdk_win_64/sdk_win_64/winavr/bin/../lib/gcc/avr/4.3.3/avr5\libgcc.a(_addsub_sf.o) (__pack_f)
c:/users/ahmed/videos/nti/eclipse/sdk_win_64/sdk_win_64/winavr/bin/../lib/gcc/avr/4.3.3/avr5\libgcc.a(_unpack_sf.o)
                              c:/users/ahmed/videos/nti/eclipse/sdk_win_64/sdk_win_64/winavr/bin/../lib/gcc/avr/4.3.3/avr5\libgcc.a(_addsub_sf.o) (__unpack_f)
c:/users/ahmed/videos/nti/eclipse/sdk_win_64/sdk_win_64/winavr/bin/../lib/gcc/avr/4.3.3/avr5\libgcc.a(_fpcmp_parts_sf.o)
                              c:/users/ahmed/videos/nti/eclipse/sdk_win_64/sdk_win_64/winavr/bin/../lib/gcc/avr/4.3.3/avr5\libgcc.a(_gt_sf.o) (__fpcmp_parts_f)

Allocating common symbols
Common symbol       size              file

g_currentTime       0x3               ./SOURCE/main.o

Memory Configuration

Name             Origin             Length             Attributes
text             0x00000000         0x00020000         xr
data             0x00800060         0x0000ffa0         rw !x
eeprom           0x00810000         0x00010000         rw !x
fuse             0x00820000         0x00000400         rw !x
lock             0x00830000         0x00000400         rw !x
signature        0x00840000         0x00000400         rw !x
*default*        0x00000000         0xffffffff

Linker script and memory map

LOAD c:/users/ahmed/videos/nti/eclipse/sdk_win_64/sdk_win_64/winavr/bin/../lib/gcc/avr/4.3.3/../../../../avr/lib/avr5/crtm16.o
LOAD ./SOURCE/ADC_PROGRAM.o
LOAD ./SOURCE/BUZZER_PROGRAM.o
LOAD ./SOURCE/DIO_PROGRAM.o
LOAD ./SOURCE/EXTI_PROGRAM.o
LOAD ./SOURCE/GLUCOSE_PROGRAM.o
LOAD ./SOURCE/GLUCOSE_SENSOR_PROGRAM.o
LOAD ./SOURCE/GL_PROGRAM.o
LOAD ./SOURCE/LCD_PROGRAM.o
LOAD ./SOURCE/RTC_PROGRAM.o
LOAD ./SOURCE/TWI_PROGRAM.o
LOAD ./SOURCE/main.o
LOAD c:/users/ahmed/videos/nti/eclipse/sdk_win_64/sdk_win_64/winavr/bin/../lib/gcc/avr/4.3.3/avr5\libgcc.a
LOAD c:/users/ahmed/videos/nti/eclipse/sdk_win_64/sdk_win_64/winavr/bin/../lib/gcc/avr/4.3.3/../../../../avr/lib/avr5\libc.a
LOAD c:/users/ahmed/videos/nti/eclipse/sdk_win_64/sdk_win_64/winavr/bin/../lib/gcc/avr/4.3.3/avr5\libgcc.a

.hash
 *(.hash)

.dynsym
 *(.dynsym)

.dynstr
 *(.dynstr)

.gnu.version
 *(.gnu.version)

.gnu.version_d
 *(.gnu.version_d)

.gnu.version_r
 *(.gnu.version_r)

.rel.init
 *(.rel.init)

.rela.init
 *(.rela.init)

.rel.text
 *(.rel.text)
 *(.rel.text.*)
 *(.rel.gnu.linkonce.t*)

.rela.text
 *(.rela.text)
 *(.rela.text.*)
 *(.rela.gnu.linkonce.t*)

.rel.fini
 *(.rel.fini)

.rela.fini
 *(.rela.fini)

.rel.rodata
 *(.rel.rodata)
 *(.rel.rodata.*)
 *(.rel.gnu.linkonce.r*)

.rela.rodata
 *(.rela.rodata)
 *(.rela.rodata.*)
 *(.rela.gnu.linkonce.r*)

.rel.data
 *(.rel.data)
 *(.rel.data.*)
 *(.rel.gnu.linkonce.d*)

.rela.data
 *(.rela.data)
 *(.rela.data.*)
 *(.rela.gnu.linkonce.d*)

.rel.ctors
 *(.rel.ctors)

.rela.ctors
 *(.rela.ctors)

.rel.dtors
 *(.rel.dtors)

.rela.dtors
 *(.rela.dtors)

.rel.got
 *(.rel.got)

.rela.got
 *(.rela.got)

.rel.bss
 *(.rel.bss)

.rela.bss
 *(.rela.bss)

.rel.plt
 *(.rel.plt)

.rela.plt
 *(.rela.plt)

.text           0x00000000     0x376c
 *(.vectors)
 .vectors       0x00000000       0x54 c:/users/ahmed/videos/nti/eclipse/sdk_win_64/sdk_win_64/winavr/bin/../lib/gcc/avr/4.3.3/../../../../avr/lib/avr5/crtm16.o
                0x00000000                __vectors
                0x00000000                __vector_default
 *(.vectors)
 *(.progmem.gcc*)
 *(.progmem*)
                0x00000054                . = ALIGN (0x2)
                0x00000054                __trampolines_start = .
 *(.trampolines)
 .trampolines   0x00000054        0x0 linker stubs
 *(.trampolines*)
                0x00000054                __trampolines_end = .
 *(.jumptables)
 *(.jumptables*)
 *(.lowtext)
 *(.lowtext*)
                0x00000054                __ctors_start = .
 *(.ctors)
                0x00000054                __ctors_end = .
                0x00000054                __dtors_start = .
 *(.dtors)
                0x00000054                __dtors_end = .
 SORT(*)(.ctors)
 SORT(*)(.dtors)
 *(.init0)
 .init0         0x00000054        0x0 c:/users/ahmed/videos/nti/eclipse/sdk_win_64/sdk_win_64/winavr/bin/../lib/gcc/avr/4.3.3/../../../../avr/lib/avr5/crtm16.o
                0x00000054                __init
 *(.init0)
 *(.init1)
 *(.init1)
 *(.init2)
 .init2         0x00000054        0xc c:/users/ahmed/videos/nti/eclipse/sdk_win_64/sdk_win_64/winavr/bin/../lib/gcc/avr/4.3.3/../../../../avr/lib/avr5/crtm16.o
 *(.init2)
 *(.init3)
 *(.init3)
 *(.init4)
 .init4         0x00000060       0x16 c:/users/ahmed/videos/nti/eclipse/sdk_win_64/sdk_win_64/winavr/bin/../lib/gcc/avr/4.3.3/avr5\libgcc.a(_copy_data.o)
                0x00000060                __do_copy_data
 .init4         0x00000076       0x10 c:/users/ahmed/videos/nti/eclipse/sdk_win_64/sdk_win_64/winavr/bin/../lib/gcc/avr/4.3.3/avr5\libgcc.a(_clear_bss.o)
                0x00000076                __do_clear_bss
 *(.init4)
 *(.init5)
 *(.init5)
 *(.init6)
 *(.init6)
 *(.init7)
 *(.init7)
 *(.init8)
 *(.init8)
 *(.init9)
 .init9         0x00000086        0x8 c:/users/ahmed/videos/nti/eclipse/sdk_win_64/sdk_win_64/winavr/bin/../lib/gcc/avr/4.3.3/../../../../avr/lib/avr5/crtm16.o
 *(.init9)
 *(.text)
 .text          0x0000008e        0x4 c:/users/ahmed/videos/nti/eclipse/sdk_win_64/sdk_win_64/winavr/bin/../lib/gcc/avr/4.3.3/../../../../avr/lib/avr5/crtm16.o
                0x0000008e                __vector_12
                0x0000008e                __bad_interrupt
                0x0000008e                __vector_6
                0x0000008e                __vector_11
                0x0000008e                __vector_13
                0x0000008e                __vector_17
                0x0000008e                __vector_19
                0x0000008e                __vector_7
                0x0000008e                __vector_5
                0x0000008e                __vector_4
                0x0000008e                __vector_9
                0x0000008e                __vector_15
                0x0000008e                __vector_8
                0x0000008e                __vector_14
                0x0000008e                __vector_10
                0x0000008e                __vector_16
                0x0000008e                __vector_18
                0x0000008e                __vector_20
 .text          0x00000092        0x0 ./SOURCE/ADC_PROGRAM.o
 .text          0x00000092        0x0 ./SOURCE/BUZZER_PROGRAM.o
 .text          0x00000092        0x0 ./SOURCE/DIO_PROGRAM.o
 .text          0x00000092        0x0 ./SOURCE/EXTI_PROGRAM.o
 .text          0x00000092        0x0 ./SOURCE/GLUCOSE_PROGRAM.o
 .text          0x00000092        0x0 ./SOURCE/GLUCOSE_SENSOR_PROGRAM.o
 .text          0x00000092        0x0 ./SOURCE/GL_PROGRAM.o
 .text          0x00000092        0x0 ./SOURCE/LCD_PROGRAM.o
 .text          0x00000092        0x0 ./SOURCE/RTC_PROGRAM.o
 .text          0x00000092        0x0 ./SOURCE/TWI_PROGRAM.o
 .text          0x00000092        0x0 ./SOURCE/main.o
 .text          0x00000092        0x0 c:/users/ahmed/videos/nti/eclipse/sdk_win_64/sdk_win_64/winavr/bin/../lib/gcc/avr/4.3.3/avr5\libgcc.a(_udivmodqi4.o)
 .text          0x00000092        0x0 c:/users/ahmed/videos/nti/eclipse/sdk_win_64/sdk_win_64/winavr/bin/../lib/gcc/avr/4.3.3/avr5\libgcc.a(_udivmodhi4.o)
 .text          0x00000092        0x0 c:/users/ahmed/videos/nti/eclipse/sdk_win_64/sdk_win_64/winavr/bin/../lib/gcc/avr/4.3.3/avr5\libgcc.a(_udivmodsi4.o)
 .text          0x00000092        0x0 c:/users/ahmed/videos/nti/eclipse/sdk_win_64/sdk_win_64/winavr/bin/../lib/gcc/avr/4.3.3/avr5\libgcc.a(_exit.o)
 .text          0x00000092        0x0 c:/users/ahmed/videos/nti/eclipse/sdk_win_64/sdk_win_64/winavr/bin/../lib/gcc/avr/4.3.3/avr5\libgcc.a(_copy_data.o)
 .text          0x00000092        0x0 c:/users/ahmed/videos/nti/eclipse/sdk_win_64/sdk_win_64/winavr/bin/../lib/gcc/avr/4.3.3/avr5\libgcc.a(_clear_bss.o)
 .text          0x00000092       0x58 c:/users/ahmed/videos/nti/eclipse/sdk_win_64/sdk_win_64/winavr/bin/../lib/gcc/avr/4.3.3/avr5\libgcc.a(_fixunssfsi.o)
                0x00000092                __fixunssfsi
 .text          0x000000ea      0x354 c:/users/ahmed/videos/nti/eclipse/sdk_win_64/sdk_win_64/winavr/bin/../lib/gcc/avr/4.3.3/avr5\libgcc.a(_addsub_sf.o)
                0x00000382                __subsf3
                0x000003e4                __addsf3
 .text          0x0000043e      0x1f4 c:/users/ahmed/videos/nti/eclipse/sdk_win_64/sdk_win_64/winavr/bin/../lib/gcc/avr/4.3.3/avr5\libgcc.a(_mul_sf.o)
                0x0000043e                __mulsf3
 .text          0x00000632      0x158 c:/users/ahmed/videos/nti/eclipse/sdk_win_64/sdk_win_64/winavr/bin/../lib/gcc/avr/4.3.3/avr5\libgcc.a(_div_sf.o)
                0x00000632                __divsf3
 .text          0x0000078a       0x60 c:/users/ahmed/videos/nti/eclipse/sdk_win_64/sdk_win_64/winavr/bin/../lib/gcc/avr/4.3.3/avr5\libgcc.a(_gt_sf.o)
                0x0000078a                __gtsf2
 .text          0x000007ea       0x60 c:/users/ahmed/videos/nti/eclipse/sdk_win_64/sdk_win_64/winavr/bin/../lib/gcc/avr/4.3.3/avr5\libgcc.a(_ge_sf.o)
                0x000007ea                __gesf2
 .text          0x0000084a       0x60 c:/users/ahmed/videos/nti/eclipse/sdk_win_64/sdk_win_64/winavr/bin/../lib/gcc/avr/4.3.3/avr5\libgcc.a(_lt_sf.o)
                0x0000084a                __ltsf2
 .text          0x000008aa       0xa8 c:/users/ahmed/videos/nti/eclipse/sdk_win_64/sdk_win_64/winavr/bin/../lib/gcc/avr/4.3.3/avr5\libgcc.a(_sf_to_si.o)
                0x000008aa                __fixsfsi
 .text          0x00000952        0x0 c:/users/ahmed/videos/nti/eclipse/sdk_win_64/sdk_win_64/winavr/bin/../lib/gcc/avr/4.3.3/avr5\libgcc.a(_thenan_sf.o)
 .text          0x00000952        0x0 c:/users/ahmed/videos/nti/eclipse/sdk_win_64/sdk_win_64/winavr/bin/../lib/gcc/avr/4.3.3/avr5\libgcc.a(_prologue.o)
 .text          0x00000952        0x0 c:/users/ahmed/videos/nti/eclipse/sdk_win_64/sdk_win_64/winavr/bin/../lib/gcc/avr/4.3.3/avr5\libgcc.a(_epilogue.o)
 .text          0x00000952      0x1aa c:/users/ahmed/videos/nti/eclipse/sdk_win_64/sdk_win_64/winavr/bin/../lib/gcc/avr/4.3.3/avr5\libgcc.a(_pack_sf.o)
                0x00000952                __pack_f
 .text          0x00000afc       0xf0 c:/users/ahmed/videos/nti/eclipse/sdk_win_64/sdk_win_64/winavr/bin/../lib/gcc/avr/4.3.3/avr5\libgcc.a(_unpack_sf.o)
                0x00000afc                __unpack_f
 .text          0x00000bec       0xb2 c:/users/ahmed/videos/nti/eclipse/sdk_win_64/sdk_win_64/winavr/bin/../lib/gcc/avr/4.3.3/avr5\libgcc.a(_fpcmp_parts_sf.o)
                0x00000bec                __fpcmp_parts_f
                0x00000c9e                . = ALIGN (0x2)
 *(.text.*)
 .text.MADC_voidInit
                0x00000c9e       0x8c ./SOURCE/ADC_PROGRAM.o
                0x00000c9e                MADC_voidInit
 .text.MADC_u16GetDigitalValue
                0x00000d2a       0x9c ./SOURCE/ADC_PROGRAM.o
                0x00000d2a                MADC_u16GetDigitalValue
 .text.HBUZZER_voidInit
                0x00000dc6       0x18 ./SOURCE/BUZZER_PROGRAM.o
                0x00000dc6                HBUZZER_voidInit
 .text.HBUZZER_voidTurnOn
                0x00000dde       0x18 ./SOURCE/BUZZER_PROGRAM.o
                0x00000dde                HBUZZER_voidTurnOn
 .text.HBUZZER_voidTurnOff
                0x00000df6       0x18 ./SOURCE/BUZZER_PROGRAM.o
                0x00000df6                HBUZZER_voidTurnOff
 .text.HBUZZER_voidToggle
                0x00000e0e       0x16 ./SOURCE/BUZZER_PROGRAM.o
                0x00000e0e                HBUZZER_voidToggle
 .text.MDIO_voidInit
                0x00000e24       0x46 ./SOURCE/DIO_PROGRAM.o
                0x00000e24                MDIO_voidInit
 .text.MDIO_voidSetPinDirection
                0x00000e6a      0x244 ./SOURCE/DIO_PROGRAM.o
                0x00000e6a                MDIO_voidSetPinDirection
 .text.MDIO_voidSetPinValue
                0x000010ae      0x244 ./SOURCE/DIO_PROGRAM.o
                0x000010ae                MDIO_voidSetPinValue
 .text.MDIO_voidTogglePinValue
                0x000012f2      0x10a ./SOURCE/DIO_PROGRAM.o
                0x000012f2                MDIO_voidTogglePinValue
 .text.MDIO_voidTogglePinDirection
                0x000013fc      0x10a ./SOURCE/DIO_PROGRAM.o
                0x000013fc                MDIO_voidTogglePinDirection
 .text.MDIO_voidSetPortValue
                0x00001506       0x88 ./SOURCE/DIO_PROGRAM.o
                0x00001506                MDIO_voidSetPortValue
 .text.MDIO_voidSetPortDirection
                0x0000158e       0x88 ./SOURCE/DIO_PROGRAM.o
                0x0000158e                MDIO_voidSetPortDirection
 .text.MDIO_pinValueGetPinValue
                0x00001616      0x102 ./SOURCE/DIO_PROGRAM.o
                0x00001616                MDIO_pinValueGetPinValue
 .text.MEXTI_voidConfig
                0x00001718       0xe8 ./SOURCE/EXTI_PROGRAM.o
                0x00001718                MEXTI_voidConfig
 .text.MEXTI_voidEnable
                0x00001800       0x6e ./SOURCE/EXTI_PROGRAM.o
                0x00001800                MEXTI_voidEnable
 .text.MEXTI_voidDisable
                0x0000186e       0x6e ./SOURCE/EXTI_PROGRAM.o
                0x0000186e                MEXTI_voidDisable
 .text.MEXTI_voidClearFlag
                0x000018dc       0x6e ./SOURCE/EXTI_PROGRAM.o
                0x000018dc                MEXTI_voidClearFlag
 .text.MEXTI_voidSetCallBack
                0x0000194a       0x80 ./SOURCE/EXTI_PROGRAM.o
                0x0000194a                MEXTI_voidSetCallBack
 .text.__vector_1
                0x000019ca       0x66 ./SOURCE/EXTI_PROGRAM.o
                0x000019ca                __vector_1
 .text.__vector_2
                0x00001a30       0x66 ./SOURCE/EXTI_PROGRAM.o
                0x00001a30                __vector_2
 .text.__vector_3
                0x00001a96       0x66 ./SOURCE/EXTI_PROGRAM.o
                0x00001a96                __vector_3
 .text.HGLUCOSE_voidInit
                0x00001afc       0x12 ./SOURCE/GLUCOSE_PROGRAM.o
                0x00001afc                HGLUCOSE_voidInit
 .text.HGLUCOSE_u16GetGlucoseValue
                0x00001b0e       0x52 ./SOURCE/GLUCOSE_PROGRAM.o
                0x00001b0e                HGLUCOSE_u16GetGlucoseValue
 .text.MGI_voidEnable
                0x00001b60       0x1c ./SOURCE/GL_PROGRAM.o
                0x00001b60                MGI_voidEnable
 .text.MGI_voidDisable
                0x00001b7c       0x1c ./SOURCE/GL_PROGRAM.o
                0x00001b7c                MGI_voidDisable
 .text.HLCD_voidSendEnablePulse
                0x00001b98      0x202 ./SOURCE/LCD_PROGRAM.o
 .text.HLCD_voidWrite4Bits
                0x00001d9a       0x64 ./SOURCE/LCD_PROGRAM.o
 .text.HLCD_voidInit
                0x00001dfe      0x900 ./SOURCE/LCD_PROGRAM.o
                0x00001dfe                HLCD_voidInit
 .text.HLCD_voidSendCommand
                0x000026fe       0x3a ./SOURCE/LCD_PROGRAM.o
                0x000026fe                HLCD_voidSendCommand
 .text.HLCD_voidSendData
                0x00002738       0x3a ./SOURCE/LCD_PROGRAM.o
                0x00002738                HLCD_voidSendData
 .text.HLCD_voidClearDisplay
                0x00002772      0x110 ./SOURCE/LCD_PROGRAM.o
                0x00002772                HLCD_voidClearDisplay
 .text.HLCD_voidSendString
                0x00002882       0x52 ./SOURCE/LCD_PROGRAM.o
                0x00002882                HLCD_voidSendString
 .text.HLCD_voidDisplayNumber
                0x000028d4       0xee ./SOURCE/LCD_PROGRAM.o
                0x000028d4                HLCD_voidDisplayNumber
 .text.HLCD_voidGoToPos
                0x000029c2       0x58 ./SOURCE/LCD_PROGRAM.o
                0x000029c2                HLCD_voidGoToPos
 .text.HLCD_voidSendSpecialCharacter
                0x00002a1a       0x80 ./SOURCE/LCD_PROGRAM.o
                0x00002a1a                HLCD_voidSendSpecialCharacter
 .text.BCD_to_DEC
                0x00002a9a       0x3a ./SOURCE/RTC_PROGRAM.o
 .text.DEC_to_BCD
                0x00002ad4       0x3e ./SOURCE/RTC_PROGRAM.o
 .text.HRTC_voidInit
                0x00002b12       0x12 ./SOURCE/RTC_PROGRAM.o
                0x00002b12                HRTC_voidInit
 .text.HRTC_voidSetTime
                0x00002b24       0x56 ./SOURCE/RTC_PROGRAM.o
                0x00002b24                HRTC_voidSetTime
 .text.HRTC_voidGetTime
                0x00002b7a       0x74 ./SOURCE/RTC_PROGRAM.o
                0x00002b7a                HRTC_voidGetTime
 .text.MTWI_voidInit
                0x00002bee       0x2a ./SOURCE/TWI_PROGRAM.o
                0x00002bee                MTWI_voidInit
 .text.MTWI_voidSendStartCondition
                0x00002c18       0x20 ./SOURCE/TWI_PROGRAM.o
                0x00002c18                MTWI_voidSendStartCondition
 .text.MTWI_voidSendRepeatedStart
                0x00002c38       0x20 ./SOURCE/TWI_PROGRAM.o
                0x00002c38                MTWI_voidSendRepeatedStart
 .text.MTWI_voidSendSlaveAddressWithWrite
                0x00002c58       0x30 ./SOURCE/TWI_PROGRAM.o
                0x00002c58                MTWI_voidSendSlaveAddressWithWrite
 .text.MTWI_voidSendSlaveAddressWithRead
                0x00002c88       0x38 ./SOURCE/TWI_PROGRAM.o
                0x00002c88                MTWI_voidSendSlaveAddressWithRead
 .text.MTWI_voidSendDataByte
                0x00002cc0       0x2e ./SOURCE/TWI_PROGRAM.o
                0x00002cc0                MTWI_voidSendDataByte
 .text.MTWI_u8ReceiveDataByte
                0x00002cee       0x26 ./SOURCE/TWI_PROGRAM.o
                0x00002cee                MTWI_u8ReceiveDataByte
 .text.MTWI_voidSendStopCondition
                0x00002d14       0x16 ./SOURCE/TWI_PROGRAM.o
                0x00002d14                MTWI_voidSendStopCondition
 .text.ISR_Button_ToggleAlarm
                0x00002d2a       0x26 ./SOURCE/main.o
                0x00002d2a                ISR_Button_ToggleAlarm
 .text.ISR_Button_Fasting
                0x00002d50       0x12 ./SOURCE/main.o
                0x00002d50                ISR_Button_Fasting
 .text.ISR_Button_PostMeal
                0x00002d62       0x14 ./SOURCE/main.o
                0x00002d62                ISR_Button_PostMeal
 .text.main     0x00002d76      0x17e ./SOURCE/main.o
                0x00002d76                main
 .text.System_Init
                0x00002ef4      0x104 ./SOURCE/main.o
                0x00002ef4                System_Init
 .text.Display_StartupAnimation
                0x00002ff8      0x238 ./SOURCE/main.o
                0x00002ff8                Display_StartupAnimation
 .text.Read_Glucose_Filtered
                0x00003230      0x162 ./SOURCE/main.o
                0x00003230                Read_Glucose_Filtered
 .text.Display_RenderScreen
                0x00003392      0x1c6 ./SOURCE/main.o
                0x00003392                Display_RenderScreen
 .text.Check_DoseTime
                0x00003558       0x42 ./SOURCE/main.o
                0x00003558                Check_DoseTime
 .text.Handle_AlertsAndLEDs
                0x0000359a       0xdc ./SOURCE/main.o
                0x0000359a                Handle_AlertsAndLEDs
 .text.libgcc   0x00003676       0x18 c:/users/ahmed/videos/nti/eclipse/sdk_win_64/sdk_win_64/winavr/bin/../lib/gcc/avr/4.3.3/avr5\libgcc.a(_udivmodqi4.o)
                0x00003676                __udivmodqi4
 .text.libgcc   0x0000368e       0x28 c:/users/ahmed/videos/nti/eclipse/sdk_win_64/sdk_win_64/winavr/bin/../lib/gcc/avr/4.3.3/avr5\libgcc.a(_udivmodhi4.o)
                0x0000368e                __udivmodhi4
 .text.libgcc   0x000036b6       0x44 c:/users/ahmed/videos/nti/eclipse/sdk_win_64/sdk_win_64/winavr/bin/../lib/gcc/avr/4.3.3/avr5\libgcc.a(_udivmodsi4.o)
                0x000036b6                __udivmodsi4
 .text.libgcc   0x000036fa        0x0 c:/users/ahmed/videos/nti/eclipse/sdk_win_64/sdk_win_64/winavr/bin/../lib/gcc/avr/4.3.3/avr5\libgcc.a(_exit.o)
 .text.libgcc   0x000036fa        0x0 c:/users/ahmed/videos/nti/eclipse/sdk_win_64/sdk_win_64/winavr/bin/../lib/gcc/avr/4.3.3/avr5\libgcc.a(_copy_data.o)
 .text.libgcc   0x000036fa        0x0 c:/users/ahmed/videos/nti/eclipse/sdk_win_64/sdk_win_64/winavr/bin/../lib/gcc/avr/4.3.3/avr5\libgcc.a(_clear_bss.o)
 .text.libgcc   0x000036fa       0x38 c:/users/ahmed/videos/nti/eclipse/sdk_win_64/sdk_win_64/winavr/bin/../lib/gcc/avr/4.3.3/avr5\libgcc.a(_prologue.o)
                0x000036fa                __prologue_saves__
 .text.libgcc   0x00003732       0x36 c:/users/ahmed/videos/nti/eclipse/sdk_win_64/sdk_win_64/winavr/bin/../lib/gcc/avr/4.3.3/avr5\libgcc.a(_epilogue.o)
                0x00003732                __epilogue_restores__
                0x00003768                . = ALIGN (0x2)
 *(.fini9)
 .fini9         0x00003768        0x0 c:/users/ahmed/videos/nti/eclipse/sdk_win_64/sdk_win_64/winavr/bin/../lib/gcc/avr/4.3.3/avr5\libgcc.a(_exit.o)
                0x00003768                exit
                0x00003768                _exit
 *(.fini9)
 *(.fini8)
 *(.fini8)
 *(.fini7)
 *(.fini7)
 *(.fini6)
 *(.fini6)
 *(.fini5)
 *(.fini5)
 *(.fini4)
 *(.fini4)
 *(.fini3)
 *(.fini3)
 *(.fini2)
 *(.fini2)
 *(.fini1)
 *(.fini1)
 *(.fini0)
 .fini0         0x00003768        0x4 c:/users/ahmed/videos/nti/eclipse/sdk_win_64/sdk_win_64/winavr/bin/../lib/gcc/avr/4.3.3/avr5\libgcc.a(_exit.o)
 *(.fini0)
                0x0000376c                _etext = .

.data           0x00800060       0xbc load address 0x0000376c
                0x00800060                PROVIDE (__data_start, .)
 *(.data)
 .data          0x00800060        0x0 c:/users/ahmed/videos/nti/eclipse/sdk_win_64/sdk_win_64/winavr/bin/../lib/gcc/avr/4.3.3/../../../../avr/lib/avr5/crtm16.o
 .data          0x00800060        0x0 ./SOURCE/ADC_PROGRAM.o
 .data          0x00800060        0x0 ./SOURCE/BUZZER_PROGRAM.o
 .data          0x00800060        0x0 ./SOURCE/DIO_PROGRAM.o
 .data          0x00800060        0x0 ./SOURCE/EXTI_PROGRAM.o
 .data          0x00800060        0x0 ./SOURCE/GLUCOSE_PROGRAM.o
 .data          0x00800060        0x0 ./SOURCE/GLUCOSE_SENSOR_PROGRAM.o
 .data          0x00800060        0x0 ./SOURCE/GL_PROGRAM.o
 .data          0x00800060        0x0 ./SOURCE/LCD_PROGRAM.o
 .data          0x00800060        0x0 ./SOURCE/RTC_PROGRAM.o
 .data          0x00800060        0x0 ./SOURCE/TWI_PROGRAM.o
 .data          0x00800060       0x80 ./SOURCE/main.o
 .data          0x008000e0        0x0 c:/users/ahmed/videos/nti/eclipse/sdk_win_64/sdk_win_64/winavr/bin/../lib/gcc/avr/4.3.3/avr5\libgcc.a(_udivmodqi4.o)
 .data          0x008000e0        0x0 c:/users/ahmed/videos/nti/eclipse/sdk_win_64/sdk_win_64/winavr/bin/../lib/gcc/avr/4.3.3/avr5\libgcc.a(_udivmodhi4.o)
 .data          0x008000e0        0x0 c:/users/ahmed/videos/nti/eclipse/sdk_win_64/sdk_win_64/winavr/bin/../lib/gcc/avr/4.3.3/avr5\libgcc.a(_udivmodsi4.o)
 .data          0x008000e0        0x0 c:/users/ahmed/videos/nti/eclipse/sdk_win_64/sdk_win_64/winavr/bin/../lib/gcc/avr/4.3.3/avr5\libgcc.a(_exit.o)
 .data          0x008000e0        0x0 c:/users/ahmed/videos/nti/eclipse/sdk_win_64/sdk_win_64/winavr/bin/../lib/gcc/avr/4.3.3/avr5\libgcc.a(_copy_data.o)
 .data          0x008000e0        0x0 c:/users/ahmed/videos/nti/eclipse/sdk_win_64/sdk_win_64/winavr/bin/../lib/gcc/avr/4.3.3/avr5\libgcc.a(_clear_bss.o)
 .data          0x008000e0        0x0 c:/users/ahmed/videos/nti/eclipse/sdk_win_64/sdk_win_64/winavr/bin/../lib/gcc/avr/4.3.3/avr5\libgcc.a(_fixunssfsi.o)
 .data          0x008000e0        0x0 c:/users/ahmed/videos/nti/eclipse/sdk_win_64/sdk_win_64/winavr/bin/../lib/gcc/avr/4.3.3/avr5\libgcc.a(_addsub_sf.o)
 .data          0x008000e0        0x0 c:/users/ahmed/videos/nti/eclipse/sdk_win_64/sdk_win_64/winavr/bin/../lib/gcc/avr/4.3.3/avr5\libgcc.a(_mul_sf.o)
 .data          0x008000e0        0x0 c:/users/ahmed/videos/nti/eclipse/sdk_win_64/sdk_win_64/winavr/bin/../lib/gcc/avr/4.3.3/avr5\libgcc.a(_div_sf.o)
 .data          0x008000e0        0x0 c:/users/ahmed/videos/nti/eclipse/sdk_win_64/sdk_win_64/winavr/bin/../lib/gcc/avr/4.3.3/avr5\libgcc.a(_gt_sf.o)
 .data          0x008000e0        0x0 c:/users/ahmed/videos/nti/eclipse/sdk_win_64/sdk_win_64/winavr/bin/../lib/gcc/avr/4.3.3/avr5\libgcc.a(_ge_sf.o)
 .data          0x008000e0        0x0 c:/users/ahmed/videos/nti/eclipse/sdk_win_64/sdk_win_64/winavr/bin/../lib/gcc/avr/4.3.3/avr5\libgcc.a(_lt_sf.o)
 .data          0x008000e0        0x0 c:/users/ahmed/videos/nti/eclipse/sdk_win_64/sdk_win_64/winavr/bin/../lib/gcc/avr/4.3.3/avr5\libgcc.a(_sf_to_si.o)
 .data          0x008000e0        0x8 c:/users/ahmed/videos/nti/eclipse/sdk_win_64/sdk_win_64/winavr/bin/../lib/gcc/avr/4.3.3/avr5\libgcc.a(_thenan_sf.o)
                0x008000e0                __thenan_sf
 .data          0x008000e8        0x0 c:/users/ahmed/videos/nti/eclipse/sdk_win_64/sdk_win_64/winavr/bin/../lib/gcc/avr/4.3.3/avr5\libgcc.a(_prologue.o)
 .data          0x008000e8        0x0 c:/users/ahmed/videos/nti/eclipse/sdk_win_64/sdk_win_64/winavr/bin/../lib/gcc/avr/4.3.3/avr5\libgcc.a(_epilogue.o)
 .data          0x008000e8        0x0 c:/users/ahmed/videos/nti/eclipse/sdk_win_64/sdk_win_64/winavr/bin/../lib/gcc/avr/4.3.3/avr5\libgcc.a(_pack_sf.o)
 .data          0x008000e8        0x0 c:/users/ahmed/videos/nti/eclipse/sdk_win_64/sdk_win_64/winavr/bin/../lib/gcc/avr/4.3.3/avr5\libgcc.a(_unpack_sf.o)
 .data          0x008000e8        0x0 c:/users/ahmed/videos/nti/eclipse/sdk_win_64/sdk_win_64/winavr/bin/../lib/gcc/avr/4.3.3/avr5\libgcc.a(_fpcmp_parts_sf.o)
 *(.data*)
 .data.g_alarmEnabled
                0x008000e8        0x1 ./SOURCE/main.o
                0x008000e8                g_alarmEnabled
 .data.Heart_Full
                0x008000e9        0x8 ./SOURCE/main.o
                0x008000e9                Heart_Full
 .data.Heart_Empty
                0x008000f1        0x8 ./SOURCE/main.o
                0x008000f1                Heart_Empty
 .data.Arrow_Up
                0x008000f9        0x8 ./SOURCE/main.o
                0x008000f9                Arrow_Up
 .data.Arrow_Down
                0x00800101        0x8 ./SOURCE/main.o
                0x00800101                Arrow_Down
 .data.Arrow_Right
                0x00800109        0x8 ./SOURCE/main.o
                0x00800109                Arrow_Right
 .data.Bell_Icon
                0x00800111        0x8 ./SOURCE/main.o
                0x00800111                Bell_Icon
 *(.rodata)
 *(.rodata*)
 .rodata.C.2.1495
                0x00800119        0x3 ./SOURCE/main.o
 *(.gnu.linkonce.d*)
                0x0080011c                . = ALIGN (0x2)
                0x0080011c                _edata = .
                0x0080011c                PROVIDE (__data_end, .)

.bss            0x0080011c        0xb
                0x0080011c                PROVIDE (__bss_start, .)
 *(.bss)
 .bss           0x0080011c        0x0 c:/users/ahmed/videos/nti/eclipse/sdk_win_64/sdk_win_64/winavr/bin/../lib/gcc/avr/4.3.3/../../../../avr/lib/avr5/crtm16.o
 .bss           0x0080011c        0x0 ./SOURCE/ADC_PROGRAM.o
 .bss           0x0080011c        0x0 ./SOURCE/BUZZER_PROGRAM.o
 .bss           0x0080011c        0x0 ./SOURCE/DIO_PROGRAM.o
 .bss           0x0080011c        0x0 ./SOURCE/EXTI_PROGRAM.o
 .bss           0x0080011c        0x0 ./SOURCE/GLUCOSE_PROGRAM.o
 .bss           0x0080011c        0x0 ./SOURCE/GLUCOSE_SENSOR_PROGRAM.o
 .bss           0x0080011c        0x0 ./SOURCE/GL_PROGRAM.o
 .bss           0x0080011c        0x0 ./SOURCE/LCD_PROGRAM.o
 .bss           0x0080011c        0x0 ./SOURCE/RTC_PROGRAM.o
 .bss           0x0080011c        0x0 ./SOURCE/TWI_PROGRAM.o
 .bss           0x0080011c        0x0 ./SOURCE/main.o
 .bss           0x0080011c        0x0 c:/users/ahmed/videos/nti/eclipse/sdk_win_64/sdk_win_64/winavr/bin/../lib/gcc/avr/4.3.3/avr5\libgcc.a(_udivmodqi4.o)
 .bss           0x0080011c        0x0 c:/users/ahmed/videos/nti/eclipse/sdk_win_64/sdk_win_64/winavr/bin/../lib/gcc/avr/4.3.3/avr5\libgcc.a(_udivmodhi4.o)
 .bss           0x0080011c        0x0 c:/users/ahmed/videos/nti/eclipse/sdk_win_64/sdk_win_64/winavr/bin/../lib/gcc/avr/4.3.3/avr5\libgcc.a(_udivmodsi4.o)
 .bss           0x0080011c        0x0 c:/users/ahmed/videos/nti/eclipse/sdk_win_64/sdk_win_64/winavr/bin/../lib/gcc/avr/4.3.3/avr5\libgcc.a(_exit.o)
 .bss           0x0080011c        0x0 c:/users/ahmed/videos/nti/eclipse/sdk_win_64/sdk_win_64/winavr/bin/../lib/gcc/avr/4.3.3/avr5\libgcc.a(_copy_data.o)
 .bss           0x0080011c        0x0 c:/users/ahmed/videos/nti/eclipse/sdk_win_64/sdk_win_64/winavr/bin/../lib/gcc/avr/4.3.3/avr5\libgcc.a(_clear_bss.o)
 .bss           0x0080011c        0x0 c:/users/ahmed/videos/nti/eclipse/sdk_win_64/sdk_win_64/winavr/bin/../lib/gcc/avr/4.3.3/avr5\libgcc.a(_fixunssfsi.o)
 .bss           0x0080011c        0x0 c:/users/ahmed/videos/nti/eclipse/sdk_win_64/sdk_win_64/winavr/bin/../lib/gcc/avr/4.3.3/avr5\libgcc.a(_addsub_sf.o)
 .bss           0x0080011c        0x0 c:/users/ahmed/videos/nti/eclipse/sdk_win_64/sdk_win_64/winavr/bin/../lib/gcc/avr/4.3.3/avr5\libgcc.a(_mul_sf.o)
 .bss           0x0080011c        0x0 c:/users/ahmed/videos/nti/eclipse/sdk_win_64/sdk_win_64/winavr/bin/../lib/gcc/avr/4.3.3/avr5\libgcc.a(_div_sf.o)
 .bss           0x0080011c        0x0 c:/users/ahmed/videos/nti/eclipse/sdk_win_64/sdk_win_64/winavr/bin/../lib/gcc/avr/4.3.3/avr5\libgcc.a(_gt_sf.o)
 .bss           0x0080011c        0x0 c:/users/ahmed/videos/nti/eclipse/sdk_win_64/sdk_win_64/winavr/bin/../lib/gcc/avr/4.3.3/avr5\libgcc.a(_ge_sf.o)
 .bss           0x0080011c        0x0 c:/users/ahmed/videos/nti/eclipse/sdk_win_64/sdk_win_64/winavr/bin/../lib/gcc/avr/4.3.3/avr5\libgcc.a(_lt_sf.o)
 .bss           0x0080011c        0x0 c:/users/ahmed/videos/nti/eclipse/sdk_win_64/sdk_win_64/winavr/bin/../lib/gcc/avr/4.3.3/avr5\libgcc.a(_sf_to_si.o)
 .bss           0x0080011c        0x0 c:/users/ahmed/videos/nti/eclipse/sdk_win_64/sdk_win_64/winavr/bin/../lib/gcc/avr/4.3.3/avr5\libgcc.a(_thenan_sf.o)
 .bss           0x0080011c        0x0 c:/users/ahmed/videos/nti/eclipse/sdk_win_64/sdk_win_64/winavr/bin/../lib/gcc/avr/4.3.3/avr5\libgcc.a(_prologue.o)
 .bss           0x0080011c        0x0 c:/users/ahmed/videos/nti/eclipse/sdk_win_64/sdk_win_64/winavr/bin/../lib/gcc/avr/4.3.3/avr5\libgcc.a(_epilogue.o)
 .bss           0x0080011c        0x0 c:/users/ahmed/videos/nti/eclipse/sdk_win_64/sdk_win_64/winavr/bin/../lib/gcc/avr/4.3.3/avr5\libgcc.a(_pack_sf.o)
 .bss           0x0080011c        0x0 c:/users/ahmed/videos/nti/eclipse/sdk_win_64/sdk_win_64/winavr/bin/../lib/gcc/avr/4.3.3/avr5\libgcc.a(_unpack_sf.o)
 .bss           0x0080011c        0x0 c:/users/ahmed/videos/nti/eclipse/sdk_win_64/sdk_win_64/winavr/bin/../lib/gcc/avr/4.3.3/avr5\libgcc.a(_fpcmp_parts_sf.o)
 *(.bss*)
 .bss.EXTI0_Callback
                0x0080011c        0x2 ./SOURCE/EXTI_PROGRAM.o
                0x0080011c                EXTI0_Callback
 .bss.EXTI1_Callback
                0x0080011e        0x2 ./SOURCE/EXTI_PROGRAM.o
                0x0080011e                EXTI1_Callback
 .bss.EXTI2_Callback
                0x00800120        0x2 ./SOURCE/EXTI_PROGRAM.o
                0x00800120                EXTI2_Callback
 .bss.g_patientState
                0x00800122        0x1 ./SOURCE/main.o
                0x00800122                g_patientState
 .bss.g_isDoseTime
                0x00800123        0x1 ./SOURCE/main.o
                0x00800123                g_isDoseTime
 *(COMMON)
 COMMON         0x00800124        0x3 ./SOURCE/main.o
                0x00800124                g_currentTime
                0x00800127                PROVIDE (__bss_end, .)
                0x0000376c                __data_load_start = LOADADDR (.data)
                0x00003828                __data_load_end = (__data_load_start + SIZEOF (.data))

.noinit         0x00800127        0x0
                0x00800127                PROVIDE (__noinit_start, .)
 *(.noinit*)
                0x00800127                PROVIDE (__noinit_end, .)
                0x00800127                _end = .
                0x00800127                PROVIDE (__heap_start, .)

.eeprom         0x00810000        0x0
 *(.eeprom*)
                0x00810000                __eeprom_end = .

.fuse
 *(.fuse)
 *(.lfuse)
 *(.hfuse)
 *(.efuse)

.lock
 *(.lock*)

.signature
 *(.signature*)

.stab           0x00000000     0x35ac
 *(.stab)
 .stab          0x00000000      0x33c ./SOURCE/ADC_PROGRAM.o
 .stab          0x0000033c      0x234 ./SOURCE/BUZZER_PROGRAM.o
                                0x2ac (size before relaxing)
 .stab          0x00000570      0x618 ./SOURCE/DIO_PROGRAM.o
                                0x714 (size before relaxing)
 .stab          0x00000b88      0x600 ./SOURCE/EXTI_PROGRAM.o
                                0x6fc (size before relaxing)
 .stab          0x00001188      0x198 ./SOURCE/GLUCOSE_PROGRAM.o
                                0x27c (size before relaxing)
 .stab          0x00001320       0xd8 ./SOURCE/GLUCOSE_SENSOR_PROGRAM.o
                                 0xe4 (size before relaxing)
 .stab          0x000013f8      0x144 ./SOURCE/GL_PROGRAM.o
                                0x1bc (size before relaxing)
 .stab          0x0000153c      0xe58 ./SOURCE/LCD_PROGRAM.o
                               0x10e0 (size before relaxing)
 .stab          0x00002394      0x300 ./SOURCE/RTC_PROGRAM.o
                                0x378 (size before relaxing)
 .stab          0x00002694      0x318 ./SOURCE/TWI_PROGRAM.o
                                0x390 (size before relaxing)
 .stab          0x000029ac      0xc00 ./SOURCE/main.o
                                0xf84 (size before relaxing)

.stabstr        0x00000000     0x19f3
 *(.stabstr)
 .stabstr       0x00000000     0x19f3 ./SOURCE/ADC_PROGRAM.o

.stab.excl
 *(.stab.excl)

.stab.exclstr
 *(.stab.exclstr)

.stab.index
 *(.stab.index)

.stab.indexstr
 *(.stab.indexstr)

.comment
 *(.comment)

.debug
 *(.debug)

.line
 *(.line)

.debug_srcinfo
 *(.debug_srcinfo)

.debug_sfnames
 *(.debug_sfnames)

.debug_aranges  0x00000000      0x160
 *(.debug_aranges)
 .debug_aranges
                0x00000000       0x20 c:/users/ahmed/videos/nti/eclipse/sdk_win_64/sdk_win_64/winavr/bin/../lib/gcc/avr/4.3.3/avr5\libgcc.a(_fixunssfsi.o)
 .debug_aranges
                0x00000020       0x20 c:/users/ahmed/videos/nti/eclipse/sdk_win_64/sdk_win_64/winavr/bin/../lib/gcc/avr/4.3.3/avr5\libgcc.a(_addsub_sf.o)
 .debug_aranges
                0x00000040       0x20 c:/users/ahmed/videos/nti/eclipse/sdk_win_64/sdk_win_64/winavr/bin/../lib/gcc/avr/4.3.3/avr5\libgcc.a(_mul_sf.o)
 .debug_aranges
                0x00000060       0x20 c:/users/ahmed/videos/nti/eclipse/sdk_win_64/sdk_win_64/winavr/bin/../lib/gcc/avr/4.3.3/avr5\libgcc.a(_div_sf.o)
 .debug_aranges
                0x00000080       0x20 c:/users/ahmed/videos/nti/eclipse/sdk_win_64/sdk_win_64/winavr/bin/../lib/gcc/avr/4.3.3/avr5\libgcc.a(_gt_sf.o)
 .debug_aranges
                0x000000a0       0x20 c:/users/ahmed/videos/nti/eclipse/sdk_win_64/sdk_win_64/winavr/bin/../lib/gcc/avr/4.3.3/avr5\libgcc.a(_ge_sf.o)
 .debug_aranges
                0x000000c0       0x20 c:/users/ahmed/videos/nti/eclipse/sdk_win_64/sdk_win_64/winavr/bin/../lib/gcc/avr/4.3.3/avr5\libgcc.a(_lt_sf.o)
 .debug_aranges
                0x000000e0       0x20 c:/users/ahmed/videos/nti/eclipse/sdk_win_64/sdk_win_64/winavr/bin/../lib/gcc/avr/4.3.3/avr5\libgcc.a(_sf_to_si.o)
 .debug_aranges
                0x00000100       0x20 c:/users/ahmed/videos/nti/eclipse/sdk_win_64/sdk_win_64/winavr/bin/../lib/gcc/avr/4.3.3/avr5\libgcc.a(_pack_sf.o)
 .debug_aranges
                0x00000120       0x20 c:/users/ahmed/videos/nti/eclipse/sdk_win_64/sdk_win_64/winavr/bin/../lib/gcc/avr/4.3.3/avr5\libgcc.a(_unpack_sf.o)
 .debug_aranges
                0x00000140       0x20 c:/users/ahmed/videos/nti/eclipse/sdk_win_64/sdk_win_64/winavr/bin/../lib/gcc/avr/4.3.3/avr5\libgcc.a(_fpcmp_parts_sf.o)

.debug_pubnames
                0x00000000      0x18f
 *(.debug_pubnames)
 .debug_pubnames
                0x00000000       0x23 c:/users/ahmed/videos/nti/eclipse/sdk_win_64/sdk_win_64/winavr/bin/../lib/gcc/avr/4.3.3/avr5\libgcc.a(_fixunssfsi.o)
 .debug_pubnames
                0x00000023       0x2c c:/users/ahmed/videos/nti/eclipse/sdk_win_64/sdk_win_64/winavr/bin/../lib/gcc/avr/4.3.3/avr5\libgcc.a(_addsub_sf.o)
 .debug_pubnames
                0x0000004f       0x1f c:/users/ahmed/videos/nti/eclipse/sdk_win_64/sdk_win_64/winavr/bin/../lib/gcc/avr/4.3.3/avr5\libgcc.a(_mul_sf.o)
 .debug_pubnames
                0x0000006e       0x1f c:/users/ahmed/videos/nti/eclipse/sdk_win_64/sdk_win_64/winavr/bin/../lib/gcc/avr/4.3.3/avr5\libgcc.a(_div_sf.o)
 .debug_pubnames
                0x0000008d       0x1e c:/users/ahmed/videos/nti/eclipse/sdk_win_64/sdk_win_64/winavr/bin/../lib/gcc/avr/4.3.3/avr5\libgcc.a(_gt_sf.o)
 .debug_pubnames
                0x000000ab       0x1e c:/users/ahmed/videos/nti/eclipse/sdk_win_64/sdk_win_64/winavr/bin/../lib/gcc/avr/4.3.3/avr5\libgcc.a(_ge_sf.o)
 .debug_pubnames
                0x000000c9       0x1e c:/users/ahmed/videos/nti/eclipse/sdk_win_64/sdk_win_64/winavr/bin/../lib/gcc/avr/4.3.3/avr5\libgcc.a(_lt_sf.o)
 .debug_pubnames
                0x000000e7       0x20 c:/users/ahmed/videos/nti/eclipse/sdk_win_64/sdk_win_64/winavr/bin/../lib/gcc/avr/4.3.3/avr5\libgcc.a(_sf_to_si.o)
 .debug_pubnames
                0x00000107       0x22 c:/users/ahmed/videos/nti/eclipse/sdk_win_64/sdk_win_64/winavr/bin/../lib/gcc/avr/4.3.3/avr5\libgcc.a(_thenan_sf.o)
 .debug_pubnames
                0x00000129       0x1f c:/users/ahmed/videos/nti/eclipse/sdk_win_64/sdk_win_64/winavr/bin/../lib/gcc/avr/4.3.3/avr5\libgcc.a(_pack_sf.o)
 .debug_pubnames
                0x00000148       0x21 c:/users/ahmed/videos/nti/eclipse/sdk_win_64/sdk_win_64/winavr/bin/../lib/gcc/avr/4.3.3/avr5\libgcc.a(_unpack_sf.o)
 .debug_pubnames
                0x00000169       0x26 c:/users/ahmed/videos/nti/eclipse/sdk_win_64/sdk_win_64/winavr/bin/../lib/gcc/avr/4.3.3/avr5\libgcc.a(_fpcmp_parts_sf.o)

.debug_info     0x00000000     0x2045
 *(.debug_info)
 .debug_info    0x00000000       0xb1 c:/users/ahmed/videos/nti/eclipse/sdk_win_64/sdk_win_64/winavr/bin/../lib/gcc/avr/4.3.3/avr5\libgcc.a(_fixunssfsi.o)
 .debug_info    0x000000b1      0x47a c:/users/ahmed/videos/nti/eclipse/sdk_win_64/sdk_win_64/winavr/bin/../lib/gcc/avr/4.3.3/avr5\libgcc.a(_addsub_sf.o)
 .debug_info    0x0000052b      0x485 c:/users/ahmed/videos/nti/eclipse/sdk_win_64/sdk_win_64/winavr/bin/../lib/gcc/avr/4.3.3/avr5\libgcc.a(_mul_sf.o)
 .debug_info    0x000009b0      0x3fc c:/users/ahmed/videos/nti/eclipse/sdk_win_64/sdk_win_64/winavr/bin/../lib/gcc/avr/4.3.3/avr5\libgcc.a(_div_sf.o)
 .debug_info    0x00000dac      0x27f c:/users/ahmed/videos/nti/eclipse/sdk_win_64/sdk_win_64/winavr/bin/../lib/gcc/avr/4.3.3/avr5\libgcc.a(_gt_sf.o)
 .debug_info    0x0000102b      0x27f c:/users/ahmed/videos/nti/eclipse/sdk_win_64/sdk_win_64/winavr/bin/../lib/gcc/avr/4.3.3/avr5\libgcc.a(_ge_sf.o)
 .debug_info    0x000012aa      0x27f c:/users/ahmed/videos/nti/eclipse/sdk_win_64/sdk_win_64/winavr/bin/../lib/gcc/avr/4.3.3/avr5\libgcc.a(_lt_sf.o)
 .debug_info    0x00001529      0x2b0 c:/users/ahmed/videos/nti/eclipse/sdk_win_64/sdk_win_64/winavr/bin/../lib/gcc/avr/4.3.3/avr5\libgcc.a(_sf_to_si.o)
 .debug_info    0x000017d9      0x12c c:/users/ahmed/videos/nti/eclipse/sdk_win_64/sdk_win_64/winavr/bin/../lib/gcc/avr/4.3.3/avr5\libgcc.a(_thenan_sf.o)
 .debug_info    0x00001905      0x2df c:/users/ahmed/videos/nti/eclipse/sdk_win_64/sdk_win_64/winavr/bin/../lib/gcc/avr/4.3.3/avr5\libgcc.a(_pack_sf.o)
 .debug_info    0x00001be4      0x251 c:/users/ahmed/videos/nti/eclipse/sdk_win_64/sdk_win_64/winavr/bin/../lib/gcc/avr/4.3.3/avr5\libgcc.a(_unpack_sf.o)
 .debug_info    0x00001e35      0x210 c:/users/ahmed/videos/nti/eclipse/sdk_win_64/sdk_win_64/winavr/bin/../lib/gcc/avr/4.3.3/avr5\libgcc.a(_fpcmp_parts_sf.o)
 *(.gnu.linkonce.wi.*)

.debug_abbrev   0x00000000     0x1101
 *(.debug_abbrev)
 .debug_abbrev  0x00000000       0x5d c:/users/ahmed/videos/nti/eclipse/sdk_win_64/sdk_win_64/winavr/bin/../lib/gcc/avr/4.3.3/avr5\libgcc.a(_fixunssfsi.o)
 .debug_abbrev  0x0000005d      0x1ea c:/users/ahmed/videos/nti/eclipse/sdk_win_64/sdk_win_64/winavr/bin/../lib/gcc/avr/4.3.3/avr5\libgcc.a(_addsub_sf.o)
 .debug_abbrev  0x00000247      0x21b c:/users/ahmed/videos/nti/eclipse/sdk_win_64/sdk_win_64/winavr/bin/../lib/gcc/avr/4.3.3/avr5\libgcc.a(_mul_sf.o)
 .debug_abbrev  0x00000462      0x216 c:/users/ahmed/videos/nti/eclipse/sdk_win_64/sdk_win_64/winavr/bin/../lib/gcc/avr/4.3.3/avr5\libgcc.a(_div_sf.o)
 .debug_abbrev  0x00000678      0x15a c:/users/ahmed/videos/nti/eclipse/sdk_win_64/sdk_win_64/winavr/bin/../lib/gcc/avr/4.3.3/avr5\libgcc.a(_gt_sf.o)
 .debug_abbrev  0x000007d2      0x15a c:/users/ahmed/videos/nti/eclipse/sdk_win_64/sdk_win_64/winavr/bin/../lib/gcc/avr/4.3.3/avr5\libgcc.a(_ge_sf.o)
 .debug_abbrev  0x0000092c      0x15a c:/users/ahmed/videos/nti/eclipse/sdk_win_64/sdk_win_64/winavr/bin/../lib/gcc/avr/4.3.3/avr5\libgcc.a(_lt_sf.o)
 .debug_abbrev  0x00000a86      0x17f c:/users/ahmed/videos/nti/eclipse/sdk_win_64/sdk_win_64/winavr/bin/../lib/gcc/avr/4.3.3/avr5\libgcc.a(_sf_to_si.o)
 .debug_abbrev  0x00000c05       0xad c:/users/ahmed/videos/nti/eclipse/sdk_win_64/sdk_win_64/winavr/bin/../lib/gcc/avr/4.3.3/avr5\libgcc.a(_thenan_sf.o)
 .debug_abbrev  0x00000cb2      0x1c0 c:/users/ahmed/videos/nti/eclipse/sdk_win_64/sdk_win_64/winavr/bin/../lib/gcc/avr/4.3.3/avr5\libgcc.a(_pack_sf.o)
 .debug_abbrev  0x00000e72      0x154 c:/users/ahmed/videos/nti/eclipse/sdk_win_64/sdk_win_64/winavr/bin/../lib/gcc/avr/4.3.3/avr5\libgcc.a(_unpack_sf.o)
 .debug_abbrev  0x00000fc6      0x13b c:/users/ahmed/videos/nti/eclipse/sdk_win_64/sdk_win_64/winavr/bin/../lib/gcc/avr/4.3.3/avr5\libgcc.a(_fpcmp_parts_sf.o)

.debug_line     0x00000000      0xf82
 *(.debug_line)
 .debug_line    0x00000000       0xa7 c:/users/ahmed/videos/nti/eclipse/sdk_win_64/sdk_win_64/winavr/bin/../lib/gcc/avr/4.3.3/avr5\libgcc.a(_fixunssfsi.o)
 .debug_line    0x000000a7      0x2af c:/users/ahmed/videos/nti/eclipse/sdk_win_64/sdk_win_64/winavr/bin/../lib/gcc/avr/4.3.3/avr5\libgcc.a(_addsub_sf.o)
 .debug_line    0x00000356      0x239 c:/users/ahmed/videos/nti/eclipse/sdk_win_64/sdk_win_64/winavr/bin/../lib/gcc/avr/4.3.3/avr5\libgcc.a(_mul_sf.o)
 .debug_line    0x0000058f      0x1d5 c:/users/ahmed/videos/nti/eclipse/sdk_win_64/sdk_win_64/winavr/bin/../lib/gcc/avr/4.3.3/avr5\libgcc.a(_div_sf.o)
 .debug_line    0x00000764       0xd3 c:/users/ahmed/videos/nti/eclipse/sdk_win_64/sdk_win_64/winavr/bin/../lib/gcc/avr/4.3.3/avr5\libgcc.a(_gt_sf.o)
 .debug_line    0x00000837       0xd3 c:/users/ahmed/videos/nti/eclipse/sdk_win_64/sdk_win_64/winavr/bin/../lib/gcc/avr/4.3.3/avr5\libgcc.a(_ge_sf.o)
 .debug_line    0x0000090a       0xd3 c:/users/ahmed/videos/nti/eclipse/sdk_win_64/sdk_win_64/winavr/bin/../lib/gcc/avr/4.3.3/avr5\libgcc.a(_lt_sf.o)
 .debug_line    0x000009dd      0x109 c:/users/ahmed/videos/nti/eclipse/sdk_win_64/sdk_win_64/winavr/bin/../lib/gcc/avr/4.3.3/avr5\libgcc.a(_sf_to_si.o)
 .debug_line    0x00000ae6       0x90 c:/users/ahmed/videos/nti/eclipse/sdk_win_64/sdk_win_64/winavr/bin/../lib/gcc/avr/4.3.3/avr5\libgcc.a(_thenan_sf.o)
 .debug_line    0x00000b76      0x18a c:/users/ahmed/videos/nti/eclipse/sdk_win_64/sdk_win_64/winavr/bin/../lib/gcc/avr/4.3.3/avr5\libgcc.a(_pack_sf.o)
 .debug_line    0x00000d00      0x14b c:/users/ahmed/videos/nti/eclipse/sdk_win_64/sdk_win_64/winavr/bin/../lib/gcc/avr/4.3.3/avr5\libgcc.a(_unpack_sf.o)
 .debug_line    0x00000e4b      0x137 c:/users/ahmed/videos/nti/eclipse/sdk_win_64/sdk_win_64/winavr/bin/../lib/gcc/avr/4.3.3/avr5\libgcc.a(_fpcmp_parts_sf.o)

.debug_frame    0x00000000      0x180
 *(.debug_frame)
 .debug_frame   0x00000000       0x20 c:/users/ahmed/videos/nti/eclipse/sdk_win_64/sdk_win_64/winavr/bin/../lib/gcc/avr/4.3.3/avr5\libgcc.a(_fixunssfsi.o)
 .debug_frame   0x00000020       0x40 c:/users/ahmed/videos/nti/eclipse/sdk_win_64/sdk_win_64/winavr/bin/../lib/gcc/avr/4.3.3/avr5\libgcc.a(_addsub_sf.o)
 .debug_frame   0x00000060       0x20 c:/users/ahmed/videos/nti/eclipse/sdk_win_64/sdk_win_64/winavr/bin/../lib/gcc/avr/4.3.3/avr5\libgcc.a(_mul_sf.o)
 .debug_frame   0x00000080       0x20 c:/users/ahmed/videos/nti/eclipse/sdk_win_64/sdk_win_64/winavr/bin/../lib/gcc/avr/4.3.3/avr5\libgcc.a(_div_sf.o)
 .debug_frame   0x000000a0       0x20 c:/users/ahmed/videos/nti/eclipse/sdk_win_64/sdk_win_64/winavr/bin/../lib/gcc/avr/4.3.3/avr5\libgcc.a(_gt_sf.o)
 .debug_frame   0x000000c0       0x20 c:/users/ahmed/videos/nti/eclipse/sdk_win_64/sdk_win_64/winavr/bin/../lib/gcc/avr/4.3.3/avr5\libgcc.a(_ge_sf.o)
 .debug_frame   0x000000e0       0x20 c:/users/ahmed/videos/nti/eclipse/sdk_win_64/sdk_win_64/winavr/bin/../lib/gcc/avr/4.3.3/avr5\libgcc.a(_lt_sf.o)
 .debug_frame   0x00000100       0x20 c:/users/ahmed/videos/nti/eclipse/sdk_win_64/sdk_win_64/winavr/bin/../lib/gcc/avr/4.3.3/avr5\libgcc.a(_sf_to_si.o)
 .debug_frame   0x00000120       0x20 c:/users/ahmed/videos/nti/eclipse/sdk_win_64/sdk_win_64/winavr/bin/../lib/gcc/avr/4.3.3/avr5\libgcc.a(_pack_sf.o)
 .debug_frame   0x00000140       0x20 c:/users/ahmed/videos/nti/eclipse/sdk_win_64/sdk_win_64/winavr/bin/../lib/gcc/avr/4.3.3/avr5\libgcc.a(_unpack_sf.o)
 .debug_frame   0x00000160       0x20 c:/users/ahmed/videos/nti/eclipse/sdk_win_64/sdk_win_64/winavr/bin/../lib/gcc/avr/4.3.3/avr5\libgcc.a(_fpcmp_parts_sf.o)

.debug_str      0x00000000      0x2c2
 *(.debug_str)
 .debug_str     0x00000000       0xbf c:/users/ahmed/videos/nti/eclipse/sdk_win_64/sdk_win_64/winavr/bin/../lib/gcc/avr/4.3.3/avr5\libgcc.a(_fixunssfsi.o)
                                 0xfe (size before relaxing)
 .debug_str     0x000000bf      0x14d c:/users/ahmed/videos/nti/eclipse/sdk_win_64/sdk_win_64/winavr/bin/../lib/gcc/avr/4.3.3/avr5\libgcc.a(_addsub_sf.o)
                                0x206 (size before relaxing)
 .debug_str     0x0000020c       0x27 c:/users/ahmed/videos/nti/eclipse/sdk_win_64/sdk_win_64/winavr/bin/../lib/gcc/avr/4.3.3/avr5\libgcc.a(_mul_sf.o)
                                0x1bf (size before relaxing)
 .debug_str     0x00000233       0x35 c:/users/ahmed/videos/nti/eclipse/sdk_win_64/sdk_win_64/winavr/bin/../lib/gcc/avr/4.3.3/avr5\libgcc.a(_div_sf.o)
                                0x1c8 (size before relaxing)
 .debug_str     0x00000268        0xf c:/users/ahmed/videos/nti/eclipse/sdk_win_64/sdk_win_64/winavr/bin/../lib/gcc/avr/4.3.3/avr5\libgcc.a(_gt_sf.o)
                                0x195 (size before relaxing)
 .debug_str     0x00000277        0x8 c:/users/ahmed/videos/nti/eclipse/sdk_win_64/sdk_win_64/winavr/bin/../lib/gcc/avr/4.3.3/avr5\libgcc.a(_ge_sf.o)
                                0x195 (size before relaxing)
 .debug_str     0x0000027f        0x8 c:/users/ahmed/videos/nti/eclipse/sdk_win_64/sdk_win_64/winavr/bin/../lib/gcc/avr/4.3.3/avr5\libgcc.a(_lt_sf.o)
                                0x195 (size before relaxing)
 .debug_str     0x00000287        0xa c:/users/ahmed/videos/nti/eclipse/sdk_win_64/sdk_win_64/winavr/bin/../lib/gcc/avr/4.3.3/avr5\libgcc.a(_sf_to_si.o)
                                0x19e (size before relaxing)
 .debug_str     0x00000000      0x103 c:/users/ahmed/videos/nti/eclipse/sdk_win_64/sdk_win_64/winavr/bin/../lib/gcc/avr/4.3.3/avr5\libgcc.a(_thenan_sf.o)
 .debug_str     0x00000291       0x16 c:/users/ahmed/videos/nti/eclipse/sdk_win_64/sdk_win_64/winavr/bin/../lib/gcc/avr/4.3.3/avr5\libgcc.a(_pack_sf.o)
                                0x19d (size before relaxing)
 .debug_str     0x000002a7        0xb c:/users/ahmed/videos/nti/eclipse/sdk_win_64/sdk_win_64/winavr/bin/../lib/gcc/avr/4.3.3/avr5\libgcc.a(_unpack_sf.o)
                                0x17f (size before relaxing)
 .debug_str     0x000002b2       0x10 c:/users/ahmed/videos/nti/eclipse/sdk_win_64/sdk_win_64/winavr/bin/../lib/gcc/avr/4.3.3/avr5\libgcc.a(_fpcmp_parts_sf.o)
                                0x163 (size before relaxing)

.debug_loc      0x00000000      0x88e
 *(.debug_loc)
 .debug_loc     0x00000000       0x34 c:/users/ahmed/videos/nti/eclipse/sdk_win_64/sdk_win_64/winavr/bin/../lib/gcc/avr/4.3.3/avr5\libgcc.a(_fixunssfsi.o)
 .debug_loc     0x00000034      0x32a c:/users/ahmed/videos/nti/eclipse/sdk_win_64/sdk_win_64/winavr/bin/../lib/gcc/avr/4.3.3/avr5\libgcc.a(_addsub_sf.o)
 .debug_loc     0x0000035e      0x104 c:/users/ahmed/videos/nti/eclipse/sdk_win_64/sdk_win_64/winavr/bin/../lib/gcc/avr/4.3.3/avr5\libgcc.a(_mul_sf.o)
 .debug_loc     0x00000462       0xc0 c:/users/ahmed/videos/nti/eclipse/sdk_win_64/sdk_win_64/winavr/bin/../lib/gcc/avr/4.3.3/avr5\libgcc.a(_div_sf.o)
 .debug_loc     0x00000522       0x3c c:/users/ahmed/videos/nti/eclipse/sdk_win_64/sdk_win_64/winavr/bin/../lib/gcc/avr/4.3.3/avr5\libgcc.a(_gt_sf.o)
 .debug_loc     0x0000055e       0x3c c:/users/ahmed/videos/nti/eclipse/sdk_win_64/sdk_win_64/winavr/bin/../lib/gcc/avr/4.3.3/avr5\libgcc.a(_ge_sf.o)
 .debug_loc     0x0000059a       0x3c c:/users/ahmed/videos/nti/eclipse/sdk_win_64/sdk_win_64/winavr/bin/../lib/gcc/avr/4.3.3/avr5\libgcc.a(_lt_sf.o)
 .debug_loc     0x000005d6       0x7e c:/users/ahmed/videos/nti/eclipse/sdk_win_64/sdk_win_64/winavr/bin/../lib/gcc/avr/4.3.3/avr5\libgcc.a(_sf_to_si.o)
 .debug_loc     0x00000654      0x13e c:/users/ahmed/videos/nti/eclipse/sdk_win_64/sdk_win_64/winavr/bin/../lib/gcc/avr/4.3.3/avr5\libgcc.a(_pack_sf.o)
 .debug_loc     0x00000792       0xac c:/users/ahmed/videos/nti/eclipse/sdk_win_64/sdk_win_64/winavr/bin/../lib/gcc/avr/4.3.3/avr5\libgcc.a(_unpack_sf.o)
 .debug_loc     0x0000083e       0x50 c:/users/ahmed/videos/nti/eclipse/sdk_win_64/sdk_win_64/winavr/bin/../lib/gcc/avr/4.3.3/avr5\libgcc.a(_fpcmp_parts_sf.o)

.debug_macinfo
 *(.debug_macinfo)
OUTPUT(Glucose-Monitoring-System.elf elf32-avr)
LOAD linker stubs

.debug_ranges   0x00000000       0x50
 .debug_ranges  0x00000000       0x50 c:/users/ahmed/videos/nti/eclipse/sdk_win_64/sdk_win_64/winavr/bin/../lib/gcc/avr/4.3.3/avr5\libgcc.a(_mul_sf.o)
